[1.492s] DEBUG:colcon:Command line arguments: ['/usr/bin/colcon', 'build']
[1.493s] DEBUG:colcon:Parsed command line arguments: Namespace(log_base=None, log_level=None, verb_name='build', build_base='build', install_base='install', merge_install=False, symlink_install=False, test_result_base=None, continue_on_error=False, executor='parallel', parallel_workers=8, event_handlers=None, ignore_user_meta=False, metas=['./colcon.meta'], base_paths=['.'], packages_ignore=None, packages_ignore_regex=None, paths=None, packages_up_to=None, packages_up_to_regex=None, packages_above=None, packages_above_and_dependencies=None, packages_above_depth=None, packages_select_by_dep=None, packages_skip_by_dep=None, packages_skip_up_to=None, packages_select_build_failed=False, packages_skip_build_finished=False, packages_select_test_failures=False, packages_skip_test_passed=False, packages_select=None, packages_skip=None, packages_select_regex=None, packages_skip_regex=None, packages_start=None, packages_end=None, allow_overriding=[], cmake_args=None, cmake_target=None, cmake_target_skip_unavailable=False, cmake_clean_cache=False, cmake_clean_first=False, cmake_force_configure=False, ament_cmake_args=None, catkin_cmake_args=None, catkin_skip_building_tests=False, verb_parser=<colcon_defaults.argument_parser.defaults.DefaultArgumentsDecorator object at 0x701e3968c650>, verb_extension=<colcon_core.verb.build.BuildVerb object at 0x701e397b86e0>, main=<bound method BuildVerb.main of <colcon_core.verb.build.BuildVerb object at 0x701e397b86e0>>)
[1.813s] Level 1:colcon.colcon_core.package_discovery:discover_packages(colcon_meta) check parameters
[1.813s] Level 1:colcon.colcon_core.package_discovery:discover_packages(recursive) check parameters
[1.813s] Level 1:colcon.colcon_core.package_discovery:discover_packages(ignore) check parameters
[1.813s] Level 1:colcon.colcon_core.package_discovery:discover_packages(path) check parameters
[1.813s] Level 1:colcon.colcon_core.package_discovery:discover_packages(colcon_meta) discover
[1.814s] Level 1:colcon.colcon_core.package_discovery:discover_packages(recursive) discover
[1.814s] INFO:colcon.colcon_core.package_discovery:Crawling recursively for packages in '/home/mrey49/sor_ws/src/sor-ros-session1'
[1.814s] Level 1:colcon.colcon_core.package_identification:_identify(.) by extensions ['ignore', 'ignore_ament_install']
[1.814s] Level 1:colcon.colcon_core.package_identification:_identify(.) by extension 'ignore'
[1.815s] Level 1:colcon.colcon_core.package_identification:_identify(.) by extension 'ignore_ament_install'
[1.815s] Level 1:colcon.colcon_core.package_identification:_identify(.) by extensions ['colcon_pkg']
[1.815s] Level 1:colcon.colcon_core.package_identification:_identify(.) by extension 'colcon_pkg'
[1.815s] Level 1:colcon.colcon_core.package_identification:_identify(.) by extensions ['colcon_meta']
[1.815s] Level 1:colcon.colcon_core.package_identification:_identify(.) by extension 'colcon_meta'
[1.815s] Level 1:colcon.colcon_core.package_identification:_identify(.) by extensions ['ros']
[1.815s] Level 1:colcon.colcon_core.package_identification:_identify(.) by extension 'ros'
[1.958s] Level 1:colcon.colcon_core.package_identification:_identify(.) by extensions ['cmake', 'python']
[1.958s] Level 1:colcon.colcon_core.package_identification:_identify(.) by extension 'cmake'
[1.958s] Level 1:colcon.colcon_core.package_identification:_identify(.) by extension 'python'
[1.958s] Level 1:colcon.colcon_core.package_identification:_identify(.) by extensions ['python_setup_py']
[1.958s] Level 1:colcon.colcon_core.package_identification:_identify(.) by extension 'python_setup_py'
[1.959s] Level 1:colcon.colcon_core.package_identification:_identify(assets) by extensions ['ignore', 'ignore_ament_install']
[1.959s] Level 1:colcon.colcon_core.package_identification:_identify(assets) by extension 'ignore'
[1.959s] Level 1:colcon.colcon_core.package_identification:_identify(assets) by extension 'ignore_ament_install'
[1.959s] Level 1:colcon.colcon_core.package_identification:_identify(assets) by extensions ['colcon_pkg']
[1.959s] Level 1:colcon.colcon_core.package_identification:_identify(assets) by extension 'colcon_pkg'
[1.959s] Level 1:colcon.colcon_core.package_identification:_identify(assets) by extensions ['colcon_meta']
[1.960s] Level 1:colcon.colcon_core.package_identification:_identify(assets) by extension 'colcon_meta'
[1.960s] Level 1:colcon.colcon_core.package_identification:_identify(assets) by extensions ['ros']
[1.960s] Level 1:colcon.colcon_core.package_identification:_identify(assets) by extension 'ros'
[1.960s] Level 1:colcon.colcon_core.package_identification:_identify(assets) by extensions ['cmake', 'python']
[1.961s] Level 1:colcon.colcon_core.package_identification:_identify(assets) by extension 'cmake'
[1.961s] Level 1:colcon.colcon_core.package_identification:_identify(assets) by extension 'python'
[1.961s] Level 1:colcon.colcon_core.package_identification:_identify(assets) by extensions ['python_setup_py']
[1.961s] Level 1:colcon.colcon_core.package_identification:_identify(assets) by extension 'python_setup_py'
[1.961s] Level 1:colcon.colcon_core.package_identification:_identify(build) by extensions ['ignore', 'ignore_ament_install']
[1.962s] Level 1:colcon.colcon_core.package_identification:_identify(build) by extension 'ignore'
[1.962s] Level 1:colcon.colcon_core.package_identification:_identify(build) ignored
[1.962s] Level 1:colcon.colcon_core.package_identification:_identify(erc_sor_ros_session1) by extensions ['ignore', 'ignore_ament_install']
[1.962s] Level 1:colcon.colcon_core.package_identification:_identify(erc_sor_ros_session1) by extension 'ignore'
[1.962s] Level 1:colcon.colcon_core.package_identification:_identify(erc_sor_ros_session1) by extension 'ignore_ament_install'
[1.963s] Level 1:colcon.colcon_core.package_identification:_identify(erc_sor_ros_session1) by extensions ['colcon_pkg']
[1.963s] Level 1:colcon.colcon_core.package_identification:_identify(erc_sor_ros_session1) by extension 'colcon_pkg'
[1.963s] Level 1:colcon.colcon_core.package_identification:_identify(erc_sor_ros_session1) by extensions ['colcon_meta']
[1.963s] Level 1:colcon.colcon_core.package_identification:_identify(erc_sor_ros_session1) by extension 'colcon_meta'
[1.963s] Level 1:colcon.colcon_core.package_identification:_identify(erc_sor_ros_session1) by extensions ['ros']
[1.963s] Level 1:colcon.colcon_core.package_identification:_identify(erc_sor_ros_session1) by extension 'ros'
[1.977s] DEBUG:colcon.colcon_core.package_identification:Package 'erc_sor_ros_session1' with type 'ros.ament_cmake' and name 'erc_sor_ros_session1'
[1.978s] Level 1:colcon.colcon_core.package_identification:_identify(install) by extensions ['ignore', 'ignore_ament_install']
[1.978s] Level 1:colcon.colcon_core.package_identification:_identify(install) by extension 'ignore'
[1.978s] Level 1:colcon.colcon_core.package_identification:_identify(install) ignored
[1.978s] Level 1:colcon.colcon_core.package_identification:_identify(log) by extensions ['ignore', 'ignore_ament_install']
[1.979s] Level 1:colcon.colcon_core.package_identification:_identify(log) by extension 'ignore'
[1.979s] Level 1:colcon.colcon_core.package_identification:_identify(log) ignored
[1.979s] Level 1:colcon.colcon_core.package_discovery:discover_packages(recursive) using defaults
[1.979s] Level 1:colcon.colcon_core.package_discovery:discover_packages(ignore) discover
[1.979s] Level 1:colcon.colcon_core.package_discovery:discover_packages(ignore) using defaults
[1.979s] Level 1:colcon.colcon_core.package_discovery:discover_packages(path) discover
[1.979s] Level 1:colcon.colcon_core.package_discovery:discover_packages(path) using defaults
[2.076s] Level 1:colcon.colcon_core.package_discovery:discover_packages(prefix_path) check parameters
[2.076s] Level 1:colcon.colcon_core.package_discovery:discover_packages(prefix_path) discover
[2.099s] DEBUG:colcon.colcon_installed_package_information.package_discovery:Found 1 installed packages in /home/mrey49/25b3976_Sor_Project/install
[2.104s] DEBUG:colcon.colcon_installed_package_information.package_discovery:Found 5 installed packages in /home/mrey49/sor_ws/install
[2.108s] DEBUG:colcon.colcon_installed_package_information.package_discovery:Found 2 installed packages in /home/mrey49/Robotics-Test/Assignment-3-RViz/install
[2.116s] DEBUG:colcon.colcon_installed_package_information.package_discovery:Found 409 installed packages in /opt/ros/jazzy
[2.121s] Level 1:colcon.colcon_core.package_discovery:discover_packages(prefix_path) using defaults
[2.335s] Level 5:colcon.colcon_core.verb:set package 'erc_sor_ros_session1' build argument 'cmake_args' from command line to 'None'
[2.336s] Level 5:colcon.colcon_core.verb:set package 'erc_sor_ros_session1' build argument 'cmake_target' from command line to 'None'
[2.336s] Level 5:colcon.colcon_core.verb:set package 'erc_sor_ros_session1' build argument 'cmake_target_skip_unavailable' from command line to 'False'
[2.336s] Level 5:colcon.colcon_core.verb:set package 'erc_sor_ros_session1' build argument 'cmake_clean_cache' from command line to 'False'
[2.336s] Level 5:colcon.colcon_core.verb:set package 'erc_sor_ros_session1' build argument 'cmake_clean_first' from command line to 'False'
[2.336s] Level 5:colcon.colcon_core.verb:set package 'erc_sor_ros_session1' build argument 'cmake_force_configure' from command line to 'False'
[2.336s] Level 5:colcon.colcon_core.verb:set package 'erc_sor_ros_session1' build argument 'ament_cmake_args' from command line to 'None'
[2.336s] Level 5:colcon.colcon_core.verb:set package 'erc_sor_ros_session1' build argument 'catkin_cmake_args' from command line to 'None'
[2.336s] Level 5:colcon.colcon_core.verb:set package 'erc_sor_ros_session1' build argument 'catkin_skip_building_tests' from command line to 'False'
[2.336s] DEBUG:colcon.colcon_core.verb:Building package 'erc_sor_ros_session1' with the following arguments: {'ament_cmake_args': None, 'build_base': '/home/mrey49/sor_ws/src/sor-ros-session1/build/erc_sor_ros_session1', 'catkin_cmake_args': None, 'catkin_skip_building_tests': False, 'cmake_args': None, 'cmake_clean_cache': False, 'cmake_clean_first': False, 'cmake_force_configure': False, 'cmake_target': None, 'cmake_target_skip_unavailable': False, 'install_base': '/home/mrey49/sor_ws/src/sor-ros-session1/install/erc_sor_ros_session1', 'merge_install': False, 'path': '/home/mrey49/sor_ws/src/sor-ros-session1/erc_sor_ros_session1', 'symlink_install': False, 'test_result_base': None}
[2.337s] INFO:colcon.colcon_core.executor:Executing jobs using 'parallel' executor
[2.343s] DEBUG:colcon.colcon_parallel_executor.executor.parallel:run_until_complete
[2.345s] INFO:colcon.colcon_ros.task.ament_cmake.build:Building ROS package in '/home/mrey49/sor_ws/src/sor-ros-session1/erc_sor_ros_session1' with build type 'ament_cmake'
[2.345s] INFO:colcon.colcon_cmake.task.cmake.build:Building CMake package in '/home/mrey49/sor_ws/src/sor-ros-session1/erc_sor_ros_session1'
[2.364s] INFO:colcon.colcon_core.plugin_system:Skipping extension 'colcon_core.shell.bat': Not used on non-Windows systems
[2.365s] INFO:colcon.colcon_core.shell:Skip shell extension 'powershell' for command environment: Not usable outside of PowerShell
[2.365s] DEBUG:colcon.colcon_core.shell:Skip shell extension 'dsv' for command environment
[2.451s] DEBUG:colcon.colcon_core.event_handler.log_command:Invoking command in '/home/mrey49/sor_ws/src/sor-ros-session1/build/erc_sor_ros_session1': CMAKE_PREFIX_PATH=${CMAKE_PREFIX_PATH}:/home/mrey49/25b3976_Sor_Project/install/follower:/home/mrey49/sor_ws/install/trajectory_server:/home/mrey49/sor_ws/install/my_robot:/home/mrey49/sor_ws/install/erc_gazebo_sensors_py:/home/mrey49/Robotics-Test/Assignment-3-RViz/install/trajectory_server:/opt/ros/jazzy /usr/bin/cmake /home/mrey49/sor_ws/src/sor-ros-session1/erc_sor_ros_session1 -DCMAKE_INSTALL_PREFIX=/home/mrey49/sor_ws/src/sor-ros-session1/install/erc_sor_ros_session1
[14.156s] DEBUG:colcon.colcon_core.event_handler.log_command:Invoked command in '/home/mrey49/sor_ws/src/sor-ros-session1/build/erc_sor_ros_session1' returned '0': CMAKE_PREFIX_PATH=${CMAKE_PREFIX_PATH}:/home/mrey49/25b3976_Sor_Project/install/follower:/home/mrey49/sor_ws/install/trajectory_server:/home/mrey49/sor_ws/install/my_robot:/home/mrey49/sor_ws/install/erc_gazebo_sensors_py:/home/mrey49/Robotics-Test/Assignment-3-RViz/install/trajectory_server:/opt/ros/jazzy /usr/bin/cmake /home/mrey49/sor_ws/src/sor-ros-session1/erc_sor_ros_session1 -DCMAKE_INSTALL_PREFIX=/home/mrey49/sor_ws/src/sor-ros-session1/install/erc_sor_ros_session1
[14.162s] DEBUG:colcon.colcon_core.event_handler.log_command:Invoking command in '/home/mrey49/sor_ws/src/sor-ros-session1/build/erc_sor_ros_session1': CMAKE_PREFIX_PATH=${CMAKE_PREFIX_PATH}:/home/mrey49/25b3976_Sor_Project/install/follower:/home/mrey49/sor_ws/install/trajectory_server:/home/mrey49/sor_ws/install/my_robot:/home/mrey49/sor_ws/install/erc_gazebo_sensors_py:/home/mrey49/Robotics-Test/Assignment-3-RViz/install/trajectory_server:/opt/ros/jazzy /usr/bin/cmake --build /home/mrey49/sor_ws/src/sor-ros-session1/build/erc_sor_ros_session1 -- -j8 -l8
[14.346s] DEBUG:colcon.colcon_core.event_handler.log_command:Invoked command in '/home/mrey49/sor_ws/src/sor-ros-session1/build/erc_sor_ros_session1' returned '0': CMAKE_PREFIX_PATH=${CMAKE_PREFIX_PATH}:/home/mrey49/25b3976_Sor_Project/install/follower:/home/mrey49/sor_ws/install/trajectory_server:/home/mrey49/sor_ws/install/my_robot:/home/mrey49/sor_ws/install/erc_gazebo_sensors_py:/home/mrey49/Robotics-Test/Assignment-3-RViz/install/trajectory_server:/opt/ros/jazzy /usr/bin/cmake --build /home/mrey49/sor_ws/src/sor-ros-session1/build/erc_sor_ros_session1 -- -j8 -l8
[14.391s] DEBUG:colcon.colcon_core.event_handler.log_command:Invoking command in '/home/mrey49/sor_ws/src/sor-ros-session1/build/erc_sor_ros_session1': CMAKE_PREFIX_PATH=${CMAKE_PREFIX_PATH}:/home/mrey49/25b3976_Sor_Project/install/follower:/home/mrey49/sor_ws/install/trajectory_server:/home/mrey49/sor_ws/install/my_robot:/home/mrey49/sor_ws/install/erc_gazebo_sensors_py:/home/mrey49/Robotics-Test/Assignment-3-RViz/install/trajectory_server:/opt/ros/jazzy /usr/bin/cmake --install /home/mrey49/sor_ws/src/sor-ros-session1/build/erc_sor_ros_session1
[14.541s] Level 1:colcon.colcon_core.environment:create_environment_scripts_only(erc_sor_ros_session1)
[14.542s] DEBUG:colcon.colcon_core.event_handler.log_command:Invoked command in '/home/mrey49/sor_ws/src/sor-ros-session1/build/erc_sor_ros_session1' returned '0': CMAKE_PREFIX_PATH=${CMAKE_PREFIX_PATH}:/home/mrey49/25b3976_Sor_Project/install/follower:/home/mrey49/sor_ws/install/trajectory_server:/home/mrey49/sor_ws/install/my_robot:/home/mrey49/sor_ws/install/erc_gazebo_sensors_py:/home/mrey49/Robotics-Test/Assignment-3-RViz/install/trajectory_server:/opt/ros/jazzy /usr/bin/cmake --install /home/mrey49/sor_ws/src/sor-ros-session1/build/erc_sor_ros_session1
[14.572s] Level 1:colcon.colcon_core.environment:checking '/home/mrey49/sor_ws/src/sor-ros-session1/install/erc_sor_ros_session1' for CMake module files
[14.574s] Level 1:colcon.colcon_core.environment:checking '/home/mrey49/sor_ws/src/sor-ros-session1/install/erc_sor_ros_session1' for CMake config files
[14.576s] Level 1:colcon.colcon_core.shell:create_environment_hook('erc_sor_ros_session1', 'cmake_prefix_path')
[14.577s] INFO:colcon.colcon_core.shell:Creating environment hook '/home/mrey49/sor_ws/src/sor-ros-session1/install/erc_sor_ros_session1/share/erc_sor_ros_session1/hook/cmake_prefix_path.ps1'
[14.582s] INFO:colcon.colcon_core.shell:Creating environment descriptor '/home/mrey49/sor_ws/src/sor-ros-session1/install/erc_sor_ros_session1/share/erc_sor_ros_session1/hook/cmake_prefix_path.dsv'
[14.585s] INFO:colcon.colcon_core.shell:Creating environment hook '/home/mrey49/sor_ws/src/sor-ros-session1/install/erc_sor_ros_session1/share/erc_sor_ros_session1/hook/cmake_prefix_path.sh'
[14.589s] Level 1:colcon.colcon_core.environment:checking '/home/mrey49/sor_ws/src/sor-ros-session1/install/erc_sor_ros_session1/bin'
[14.590s] Level 1:colcon.colcon_core.environment:checking '/home/mrey49/sor_ws/src/sor-ros-session1/install/erc_sor_ros_session1/lib/pkgconfig/erc_sor_ros_session1.pc'
[14.591s] Level 1:colcon.colcon_core.environment:checking '/home/mrey49/sor_ws/src/sor-ros-session1/install/erc_sor_ros_session1/lib/python3.12/site-packages'
[14.593s] Level 1:colcon.colcon_core.environment:checking '/home/mrey49/sor_ws/src/sor-ros-session1/install/erc_sor_ros_session1/bin'
[14.595s] INFO:colcon.colcon_core.shell:Creating package script '/home/mrey49/sor_ws/src/sor-ros-session1/install/erc_sor_ros_session1/share/erc_sor_ros_session1/package.ps1'
[14.600s] INFO:colcon.colcon_core.shell:Creating package descriptor '/home/mrey49/sor_ws/src/sor-ros-session1/install/erc_sor_ros_session1/share/erc_sor_ros_session1/package.dsv'
[14.603s] INFO:colcon.colcon_core.shell:Creating package script '/home/mrey49/sor_ws/src/sor-ros-session1/install/erc_sor_ros_session1/share/erc_sor_ros_session1/package.sh'
[14.607s] INFO:colcon.colcon_core.shell:Creating package script '/home/mrey49/sor_ws/src/sor-ros-session1/install/erc_sor_ros_session1/share/erc_sor_ros_session1/package.bash'
[14.611s] INFO:colcon.colcon_core.shell:Creating package script '/home/mrey49/sor_ws/src/sor-ros-session1/install/erc_sor_ros_session1/share/erc_sor_ros_session1/package.zsh'
[14.614s] Level 1:colcon.colcon_core.environment:create_file_with_runtime_dependencies(/home/mrey49/sor_ws/src/sor-ros-session1/install/erc_sor_ros_session1/share/colcon-core/packages/erc_sor_ros_session1)
[14.620s] Level 1:colcon.colcon_core.environment:create_environment_scripts_only(erc_sor_ros_session1)
[14.620s] Level 1:colcon.colcon_core.environment:checking '/home/mrey49/sor_ws/src/sor-ros-session1/install/erc_sor_ros_session1' for CMake module files
[14.622s] Level 1:colcon.colcon_core.environment:checking '/home/mrey49/sor_ws/src/sor-ros-session1/install/erc_sor_ros_session1' for CMake config files
[14.624s] Level 1:colcon.colcon_core.shell:create_environment_hook('erc_sor_ros_session1', 'cmake_prefix_path')
[14.625s] INFO:colcon.colcon_core.shell:Creating environment hook '/home/mrey49/sor_ws/src/sor-ros-session1/install/erc_sor_ros_session1/share/erc_sor_ros_session1/hook/cmake_prefix_path.ps1'
[14.626s] INFO:colcon.colcon_core.shell:Creating environment descriptor '/home/mrey49/sor_ws/src/sor-ros-session1/install/erc_sor_ros_session1/share/erc_sor_ros_session1/hook/cmake_prefix_path.dsv'
[14.628s] INFO:colcon.colcon_core.shell:Creating environment hook '/home/mrey49/sor_ws/src/sor-ros-session1/install/erc_sor_ros_session1/share/erc_sor_ros_session1/hook/cmake_prefix_path.sh'
[14.630s] Level 1:colcon.colcon_core.environment:checking '/home/mrey49/sor_ws/src/sor-ros-session1/install/erc_sor_ros_session1/bin'
[14.630s] Level 1:colcon.colcon_core.environment:checking '/home/mrey49/sor_ws/src/sor-ros-session1/install/erc_sor_ros_session1/lib/pkgconfig/erc_sor_ros_session1.pc'
[14.631s] Level 1:colcon.colcon_core.environment:checking '/home/mrey49/sor_ws/src/sor-ros-session1/install/erc_sor_ros_session1/lib/python3.12/site-packages'
[14.632s] Level 1:colcon.colcon_core.environment:checking '/home/mrey49/sor_ws/src/sor-ros-session1/install/erc_sor_ros_session1/bin'
[14.632s] INFO:colcon.colcon_core.shell:Creating package script '/home/mrey49/sor_ws/src/sor-ros-session1/install/erc_sor_ros_session1/share/erc_sor_ros_session1/package.ps1'
[14.636s] INFO:colcon.colcon_core.shell:Creating package descriptor '/home/mrey49/sor_ws/src/sor-ros-session1/install/erc_sor_ros_session1/share/erc_sor_ros_session1/package.dsv'
[14.638s] INFO:colcon.colcon_core.shell:Creating package script '/home/mrey49/sor_ws/src/sor-ros-session1/install/erc_sor_ros_session1/share/erc_sor_ros_session1/package.sh'
[14.640s] INFO:colcon.colcon_core.shell:Creating package script '/home/mrey49/sor_ws/src/sor-ros-session1/install/erc_sor_ros_session1/share/erc_sor_ros_session1/package.bash'
[14.641s] INFO:colcon.colcon_core.shell:Creating package script '/home/mrey49/sor_ws/src/sor-ros-session1/install/erc_sor_ros_session1/share/erc_sor_ros_session1/package.zsh'
[14.644s] Level 1:colcon.colcon_core.environment:create_file_with_runtime_dependencies(/home/mrey49/sor_ws/src/sor-ros-session1/install/erc_sor_ros_session1/share/colcon-core/packages/erc_sor_ros_session1)
[14.645s] DEBUG:colcon.colcon_parallel_executor.executor.parallel:closing loop
[14.647s] DEBUG:colcon.colcon_parallel_executor.executor.parallel:loop closed
[14.647s] DEBUG:colcon.colcon_parallel_executor.executor.parallel:run_until_complete finished with '0'
[14.648s] DEBUG:colcon.colcon_core.event_reactor:joining thread
[14.886s] INFO:colcon.colcon_core.plugin_system:Skipping extension 'colcon_notification.desktop_notification.notify_send': Could not find 'notify-send'
[14.886s] INFO:colcon.colcon_core.plugin_system:Skipping extension 'colcon_notification.desktop_notification.terminal_notifier': Not used on non-Darwin systems
[14.887s] INFO:colcon.colcon_core.plugin_system:Skipping extension 'colcon_notification.desktop_notification.win32': Not used on non-Windows systems
[14.887s] INFO:colcon.colcon_notification.desktop_notification:Sending desktop notification using 'notify2'
[14.917s] DEBUG:colcon.colcon_notification.desktop_notification.notify2:Failed to initialize notify2: org.freedesktop.DBus.Error.ServiceUnknown: The name org.freedesktop.Notifications was not provided by any .service files
[14.918s] DEBUG:colcon.colcon_core.event_reactor:joined thread
[14.918s] INFO:colcon.colcon_core.shell:Creating prefix script '/home/mrey49/sor_ws/src/sor-ros-session1/install/local_setup.ps1'
[14.923s] INFO:colcon.colcon_core.shell:Creating prefix util module '/home/mrey49/sor_ws/src/sor-ros-session1/install/_local_setup_util_ps1.py'
[14.928s] INFO:colcon.colcon_core.shell:Creating prefix chain script '/home/mrey49/sor_ws/src/sor-ros-session1/install/setup.ps1'
[14.933s] INFO:colcon.colcon_core.shell:Creating prefix script '/home/mrey49/sor_ws/src/sor-ros-session1/install/local_setup.sh'
[14.936s] INFO:colcon.colcon_core.shell:Creating prefix util module '/home/mrey49/sor_ws/src/sor-ros-session1/install/_local_setup_util_sh.py'
[14.938s] INFO:colcon.colcon_core.shell:Creating prefix chain script '/home/mrey49/sor_ws/src/sor-ros-session1/install/setup.sh'
[14.944s] INFO:colcon.colcon_core.shell:Creating prefix script '/home/mrey49/sor_ws/src/sor-ros-session1/install/local_setup.bash'
[14.947s] INFO:colcon.colcon_core.shell:Creating prefix chain script '/home/mrey49/sor_ws/src/sor-ros-session1/install/setup.bash'
[14.952s] INFO:colcon.colcon_core.shell:Creating prefix script '/home/mrey49/sor_ws/src/sor-ros-session1/install/local_setup.zsh'
[14.956s] INFO:colcon.colcon_core.shell:Creating prefix chain script '/home/mrey49/sor_ws/src/sor-ros-session1/install/setup.zsh'
